==> ./tests/inputs/empty.txt <==

==> ./tests/inputs/one.txt <==
Ã–ne line, four words.

==> ./tests/inputs/eleven.txt <==
one
two
