==> ./tests/inputs/empty.txt <==

==> ./tests/inputs/one.txt <==
Ã
==> ./tests/inputs/eleven.txt <==
o