==> ./tests/inputs/empty.txt <==

==> ./tests/inputs/one.txt <==
Ã–ne
==> ./tests/inputs/eleven.txt <==
one
